2026-04-08 16:43:31.013 [main] INFO  ken.tar.sa_backend.SaBackendApplication - Starting SaBackendApplication using Java 17.0.18 with PID 117755 (/home/kenmoe/Desktop/sa-backend/target/classes started by kenmoe in /home/kenmoe/Desktop/sa-backend)
2026-04-08 16:43:31.019 [main] INFO  ken.tar.sa_backend.SaBackendApplication - No active profile set, falling back to 1 default profile: "default"
2026-04-08 16:43:31.547 [main] INFO  org.springframework.data.repository.config.RepositoryConfigurationDelegate - Bootstrapping Spring Data JPA repositories in DEFAULT mode.
2026-04-08 16:43:31.649 [main] INFO  org.springframework.data.repository.config.RepositoryConfigurationDelegate - Finished Spring Data repository scanning in 95 ms. Found 2 JPA repository interfaces.
2026-04-08 16:43:32.019 [main] INFO  org.springframework.boot.web.embedded.tomcat.TomcatWebServer - Tomcat initialized with port 8080 (http)
2026-04-08 16:43:32.028 [main] INFO  org.apache.coyote.http11.Http11NioProtocol - Initializing ProtocolHandler ["http-nio-8080"]
2026-04-08 16:43:32.030 [main] INFO  org.apache.catalina.core.StandardService - Starting service [Tomcat]
2026-04-08 16:43:32.030 [main] INFO  org.apache.catalina.core.StandardEngine - Starting Servlet engine: [Apache Tomcat/10.1.50]
2026-04-08 16:43:32.073 [main] INFO  org.apache.catalina.core.ContainerBase.[Tomcat].[localhost].[/api] - Initializing Spring embedded WebApplicationContext
2026-04-08 16:43:32.075 [main] INFO  org.springframework.boot.web.servlet.context.ServletWebServerApplicationContext - Root WebApplicationContext: initialization completed in 1019 ms
2026-04-08 16:43:32.190 [main] INFO  org.hibernate.jpa.internal.util.LogHelper - HHH000204: Processing PersistenceUnitInfo [name: default]
2026-04-08 16:43:32.227 [main] INFO  org.hibernate.Version - HHH000412: Hibernate ORM core version 6.6.41.Final
2026-04-08 16:43:32.250 [main] INFO  org.hibernate.cache.internal.RegionFactoryInitiator - HHH000026: Second-level cache disabled
2026-04-08 16:43:32.450 [main] INFO  org.springframework.orm.jpa.persistenceunit.SpringPersistenceUnitInfo - No LoadTimeWeaver setup: ignoring JPA class transformer
2026-04-08 16:43:32.473 [main] INFO  com.zaxxer.hikari.HikariDataSource - HikariPool-1 - Starting...
2026-04-08 16:43:32.537 [main] INFO  com.zaxxer.hikari.pool.HikariPool - HikariPool-1 - Added connection org.mariadb.jdbc.Connection@93f15f6
2026-04-08 16:43:32.538 [main] INFO  com.zaxxer.hikari.HikariDataSource - HikariPool-1 - Start completed.
2026-04-08 16:43:32.559 [main] WARN  org.hibernate.orm.deprecation - HHH90000025: MariaDBDialect does not need to be specified explicitly using 'hibernate.dialect' (remove the property setting and it will be selected by default)
2026-04-08 16:43:32.575 [main] INFO  org.hibernate.orm.connections.pooling - HHH10001005: Database info:
	Database JDBC URL [Connecting through datasource 'HikariDataSource (HikariPool-1)']
	Database driver: undefined/unknown
	Database version: 10.7.8
	Autocommit mode: undefined/unknown
	Isolation level: undefined/unknown
	Minimum pool size: undefined/unknown
	Maximum pool size: undefined/unknown
2026-04-08 16:43:33.177 [main] INFO  org.hibernate.engine.transaction.jta.platform.internal.JtaPlatformInitiator - HHH000489: No JTA platform available (set 'hibernate.transaction.jta.platform' to enable JTA platform integration)
2026-04-08 16:43:33.228 [main] INFO  org.springframework.orm.jpa.LocalContainerEntityManagerFactoryBean - Initialized JPA EntityManagerFactory for persistence unit 'default'
2026-04-08 16:43:33.392 [main] INFO  org.springframework.data.jpa.repository.query.QueryEnhancerFactory - Hibernate is in classpath; If applicable, HQL parser will be used.
2026-04-08 16:43:34.086 [main] WARN  org.springframework.boot.autoconfigure.orm.jpa.JpaBaseConfiguration$JpaWebConfiguration - spring.jpa.open-in-view is enabled by default. Therefore, database queries may be performed during view rendering. Explicitly configure spring.jpa.open-in-view to disable this warning
2026-04-08 16:43:34.334 [main] INFO  org.apache.coyote.http11.Http11NioProtocol - Starting ProtocolHandler ["http-nio-8080"]
2026-04-08 16:43:34.344 [main] INFO  org.springframework.boot.web.embedded.tomcat.TomcatWebServer - Tomcat started on port 8080 (http) with context path '/api'
2026-04-08 16:43:34.353 [main] INFO  ken.tar.sa_backend.SaBackendApplication - Started SaBackendApplication in 3.644 seconds (process running for 4.59)
2026-04-08 16:43:41.795 [http-nio-8080-exec-1] INFO  org.apache.catalina.core.ContainerBase.[Tomcat].[localhost].[/api] - Initializing Spring DispatcherServlet 'dispatcherServlet'
2026-04-08 16:43:41.796 [http-nio-8080-exec-1] INFO  org.springframework.web.servlet.DispatcherServlet - Initializing Servlet 'dispatcherServlet'
2026-04-08 16:43:41.797 [http-nio-8080-exec-1] INFO  org.springframework.web.servlet.DispatcherServlet - Completed initialization in 1 ms
2026-04-08 16:43:41.831 [http-nio-8080-exec-1] INFO  ken.tar.sa_backend.service.impl.ClientServiceImpl - Retrieving client with id 1 from data base.
2026-04-08 16:43:41.882 [http-nio-8080-exec-1] WARN  ken.tar.sa_backend.service.impl.ClientServiceImpl - Client with id 1 not found in data base.
2026-04-08 16:43:49.775 [http-nio-8080-exec-4] INFO  ken.tar.sa_backend.service.impl.ClientServiceImpl - Checking client Client(id=0, email=kenmoe.bertrand@hotmail.com, telephone=6-91-67-41-77, sentiments=null) in data base.
2026-04-08 16:43:49.823 [http-nio-8080-exec-4] INFO  ken.tar.sa_backend.service.impl.ClientServiceImpl - Client Client(id=0, email=kenmoe.bertrand@hotmail.com, telephone=6-91-67-41-77, sentiments=null) not found in data base.
2026-04-08 16:43:49.823 [http-nio-8080-exec-4] INFO  ken.tar.sa_backend.service.impl.ClientServiceImpl - Saving client Client(id=0, email=kenmoe.bertrand@hotmail.com, telephone=6-91-67-41-77, sentiments=null) 
2026-04-08 16:44:37.063 [SpringApplicationShutdownHook] INFO  org.springframework.boot.web.embedded.tomcat.GracefulShutdown - Commencing graceful shutdown. Waiting for active requests to complete
2026-04-08 16:44:37.066 [tomcat-shutdown] INFO  org.springframework.boot.web.embedded.tomcat.GracefulShutdown - Graceful shutdown complete
2026-04-08 16:44:37.069 [SpringApplicationShutdownHook] INFO  org.springframework.orm.jpa.LocalContainerEntityManagerFactoryBean - Closing JPA EntityManagerFactory for persistence unit 'default'
2026-04-08 16:44:37.090 [SpringApplicationShutdownHook] INFO  com.zaxxer.hikari.HikariDataSource - HikariPool-1 - Shutdown initiated...
2026-04-08 16:44:37.093 [SpringApplicationShutdownHook] INFO  com.zaxxer.hikari.HikariDataSource - HikariPool-1 - Shutdown completed.
